---
source: src/converters/poetry/mod.rs
expression: "perform_migration(Path::new(\"tests/fixtures/poetry/minimal/pyproject.toml\"),\nfalse, DependencyGroupsStrategy::SetDefaultGroups,)"
snapshot_kind: text
---
'''
[project]
name = "foobar"
version = "0.0.1"

[tool.ruff]
fix = true

[tool.ruff.format]
preview = true
'''
