---
source: src/converters/poetry/mod.rs
expression: "perform_migration(Path::new(\"tests/fixtures/poetry/multiple_readmes/pyproject.toml\"),\nfalse, DependencyGroupsStrategy::SetDefaultGroups,)"
snapshot_kind: text
---
'''
[project]
name = ""
version = "0.0.1"
readme = "README1.md"
'''
