---
source: src/converters/pipenv/mod.rs
expression: "perform_migration(Path::new(\"tests/fixtures/pipenv/minimal/Pipfile\"),\nPath::new(\"tests/fixtures/pipenv/minimal/pyproject.toml\"),\nDependencyGroupsStrategy::SetDefaultGroups,)"
snapshot_kind: text
---
'''
[project]
name = ""
version = "0.0.1"

[tool.uv]
package = false
'''
