---
source: src/converters/pip/mod.rs
expression: "perform_migration(Path::new(\"tests/fixtures/pip_tools/full\"),\nvec![\"requirements.in\".to_string()], vec![\"requirements-dev.in\".to_string()],\nPath::new(\"tests/fixtures/pip_tools/full/pyproject.toml\"),)"
---
'''
[project]
name = ""
version = "0.0.1"
dependencies = [
    "arrow",
    "httpx[cli,zstd]==0.28.1",
    "uvicorn @ git+https://github.com/encode/uvicorn",
]

[dependency-groups]
dev = [
    "pytest>=8.3.4",
    "ruff==0.8.4",
]

[tool.uv]
package = false
'''
