model_subspace_id	model_subspace_petab_yaml	k1	k2	k3
M1_0	../../../doc/examples/model_selection/petab_problem.yaml	0	0	0
M1_1	../../../doc/examples/model_selection/petab_problem.yaml	0.2	0.1	estimate
M1_2	../../../doc/examples/model_selection/petab_problem.yaml	0.2	estimate	0
M1_3	../../../doc/examples/model_selection/petab_problem.yaml	estimate	0.1	0
M1_4	../../../doc/examples/model_selection/petab_problem.yaml	0.2	estimate	estimate
M1_5	../../../doc/examples/model_selection/petab_problem.yaml	estimate	0.1	estimate
M1_6	../../../doc/examples/model_selection/petab_problem.yaml	estimate	estimate	0
M1_7	../../../doc/examples/model_selection/petab_problem.yaml	estimate	estimate	estimate
