# serializer version: 1
# name: test_repr
  '''
  baud_rate: 19200
  firmware_rev: null
  hardware_rev: null
  model: CFA533
  port: /dev/ttyUSB0
  retry_times: 0
  timeout: 0.25
  
  '''
# ---
